\BOOKMARK [1][-]{section.1}{\376\377\000I\000n\000t\000r\000o\000d\000u\000c\000t\000i\000o\000n}{}% 1
\BOOKMARK [1][-]{section.2}{\376\377\000D\000a\000t\000a\000\040\000a\000n\000d\000\040\000M\000e\000t\000h\000o\000d\000s}{}% 2
\BOOKMARK [2][-]{subsection.2.1}{\376\377\000G\000L\000O\000D\000A\000P\000\040\000d\000a\000t\000a\000\040\000a\000n\000d\000\040\000q\000u\000a\000l\000i\000t\000y\000\040\000c\000o\000n\000t\000r\000o\000l}{section.2}% 3
\BOOKMARK [2][-]{subsection.2.2}{\376\377\000B\000a\000s\000i\000n\000s\000\040\000a\000n\000d\000\040\000t\000e\000m\000p\000o\000r\000a\000l\000\040\000s\000p\000l\000i\000t}{section.2}% 4
\BOOKMARK [2][-]{subsection.2.3}{\376\377\000M\000o\000d\000e\000l\000\040\000f\000a\000m\000i\000l\000i\000e\000s}{section.2}% 5
\BOOKMARK [2][-]{subsection.2.4}{\376\377\000S\000y\000m\000b\000o\000l\000i\000c\000\040\000r\000e\000g\000r\000e\000s\000s\000i\000o\000n\000\040\000a\000n\000d\000\040\000r\000e\000c\000u\000r\000r\000e\000n\000c\000e}{section.2}% 6
\BOOKMARK [2][-]{subsection.2.5}{\376\377\000B\000l\000o\000c\000k\000e\000d\000\040\000v\000a\000l\000i\000d\000a\000t\000i\000o\000n}{section.2}% 7
\BOOKMARK [2][-]{subsection.2.6}{\376\377\000D\000e\000p\000e\000n\000d\000e\000n\000c\000e\000-\000a\000w\000a\000r\000e\000\040\000i\000n\000f\000e\000r\000e\000n\000c\000e}{section.2}% 8
\BOOKMARK [2][-]{subsection.2.7}{\376\377\000D\000e\000p\000t\000h\000,\000\040\000w\000a\000t\000e\000r\000\040\000m\000a\000s\000s\000,\000\040\000a\000n\000d\000\040\000d\000e\000r\000i\000v\000a\000t\000i\000v\000e\000s}{section.2}% 9
\BOOKMARK [1][-]{section.3}{\376\377\000R\000e\000s\000u\000l\000t\000s}{}% 10
\BOOKMARK [2][-]{subsection.3.1}{\376\377\000D\000a\000t\000a\000\040\000a\000n\000d\000\040\000b\000a\000s\000e\000l\000i\000n\000e\000\040\000r\000e\000p\000r\000o\000d\000u\000c\000t\000i\000o\000n}{section.3}% 11
\BOOKMARK [2][-]{subsection.3.2}{\376\377\000M\000o\000d\000e\000l\000\040\000h\000i\000e\000r\000a\000r\000c\000h\000y\000\040\000a\000n\000d\000\040\000r\000a\000n\000k\000\040\000c\000o\000m\000p\000a\000r\000i\000s\000o\000n}{section.3}% 12
\BOOKMARK [2][-]{subsection.3.3}{\376\377\000R\000a\000n\000k\000-\0001\000\040\000r\000e\000c\000u\000r\000r\000e\000n\000c\000e\000\040\000a\000n\000d\000\040\000o\000p\000e\000r\000a\000t\000o\000r\000-\000s\000p\000a\000c\000e\000\040\000d\000e\000p\000e\000n\000d\000e\000n\000c\000e}{section.3}% 13
\BOOKMARK [2][-]{subsection.3.4}{\376\377\000A\000c\000c\000u\000r\000a\000c\000y\040\023\000c\000o\000m\000p\000l\000e\000x\000i\000t\000y\000\040\000t\000r\000a\000d\000e\000o\000f\000f}{section.3}% 14
\BOOKMARK [2][-]{subsection.3.5}{\376\377\000T\000e\000m\000p\000o\000r\000a\000l\000,\000\040\000s\000p\000a\000t\000i\000a\000l\000,\000\040\000c\000r\000u\000i\000s\000e\000,\000\040\000a\000n\000d\000\040\000e\000x\000t\000e\000r\000n\000a\000l\000\040\000g\000e\000n\000e\000r\000a\000l\000i\000z\000a\000t\000i\000o\000n}{section.3}% 15
\BOOKMARK [2][-]{subsection.3.6}{\376\377\000D\000e\000p\000t\000h\000\040\000a\000n\000d\000\040\000w\000a\000t\000e\000r\000-\000m\000a\000s\000s\000\040\000d\000e\000p\000e\000n\000d\000e\000n\000c\000e}{section.3}% 16
\BOOKMARK [2][-]{subsection.3.7}{\376\377\000S\000o\000u\000t\000h\000e\000r\000n\000\040\000O\000c\000e\000a\000n\000\040\000a\000b\000y\000s\000s\000a\000l\000\040\000f\000a\000i\000l\000u\000r\000e}{section.3}% 17
\BOOKMARK [2][-]{subsection.3.8}{\376\377\000D\000e\000r\000i\000v\000a\000t\000i\000v\000e\000\040\000s\000t\000r\000u\000c\000t\000u\000r\000e}{section.3}% 18
\BOOKMARK [2][-]{subsection.3.9}{\376\377\000D\000e\000p\000e\000n\000d\000e\000n\000c\000e\000-\000a\000w\000a\000r\000e\000\040\000e\000q\000u\000i\000v\000a\000l\000e\000n\000c\000e}{section.3}% 19
\BOOKMARK [1][-]{section.4}{\376\377\000D\000i\000s\000c\000u\000s\000s\000i\000o\000n}{}% 20
\BOOKMARK [2][-]{subsection.4.1}{\376\377\000E\000v\000i\000d\000e\000n\000c\000e\000\040\000f\000o\000r\000\040\000l\000o\000w\000-\000d\000i\000m\000e\000n\000s\000i\000o\000n\000a\000l\000\040\000e\000m\000p\000i\000r\000i\000c\000a\000l\000\040\000s\000t\000r\000u\000c\000t\000u\000r\000e}{section.4}% 21
\BOOKMARK [2][-]{subsection.4.2}{\376\377\000W\000h\000y\000\040\000r\000a\000n\000k\000-\0001\000\040\000r\000e\000m\000a\000i\000n\000s\000\040\000u\000s\000e\000f\000u\000l\000\040\000d\000e\000s\000p\000i\000t\000e\000\040\000h\000i\000g\000h\000e\000r\000-\000a\000c\000c\000u\000r\000a\000c\000y\000\040\000m\000o\000d\000e\000l\000s}{section.4}% 22
\BOOKMARK [2][-]{subsection.4.3}{\376\377\000O\000p\000e\000r\000a\000t\000o\000r\000-\000s\000p\000a\000c\000e\000\040\000d\000e\000p\000e\000n\000d\000e\000n\000c\000e}{section.4}% 23
\BOOKMARK [2][-]{subsection.4.4}{\376\377\000D\000o\000m\000a\000i\000n\000\040\000d\000e\000p\000e\000n\000d\000e\000n\000c\000e\000\040\000a\000n\000d\000\040\000g\000e\000n\000e\000r\000a\000l\000i\000z\000a\000t\000i\000o\000n}{section.4}% 24
\BOOKMARK [2][-]{subsection.4.5}{\376\377\000P\000h\000y\000s\000i\000c\000a\000l\000\040\000i\000n\000t\000e\000r\000p\000r\000e\000t\000a\000t\000i\000o\000n}{section.4}% 25
\BOOKMARK [2][-]{subsection.4.6}{\376\377\000L\000i\000m\000i\000t\000a\000t\000i\000o\000n\000s}{section.4}% 26
\BOOKMARK [1][-]{section.5}{\376\377\000C\000o\000n\000c\000l\000u\000s\000i\000o\000n\000s}{}% 27
